2026-04-30T16:23:49.220+05:30  INFO 32412 --- [project-service] [main] c.c.project.ProjectServiceApplication    : Starting ProjectServiceApplication using Java 17.0.12 with PID 32412 (D:\CODE-COLLAB\backend\project-service\target\classes started by Asus in D:\CODE-COLLAB\backend\project-service)
2026-04-30T16:23:49.222+05:30  INFO 32412 --- [project-service] [main] c.c.project.ProjectServiceApplication    : No active profile set, falling back to 1 default profile: "default"
2026-04-30T16:23:49.549+05:30  WARN 32412 --- [project-service] [main] ConfigServletWebServerApplicationContext : Exception encountered during context initialization - cancelling refresh attempt: org.springframework.beans.factory.BeanDefinitionStoreException: Failed to process import candidates for configuration class [com.codesync.project.ProjectServiceApplication]: 'io.swagger.v3.oas.models.OpenAPI org.springdoc.core.properties.SpringDocConfigProperties.getOpenApi()'
2026-04-30T16:23:49.553+05:30  INFO 32412 --- [project-service] [main] .s.b.a.l.ConditionEvaluationReportLogger : 

Error starting ApplicationContext. To display the condition evaluation report re-run your application with 'debug' enabled.
2026-04-30T16:23:49.569+05:30 ERROR 32412 --- [project-service] [main] o.s.b.d.LoggingFailureAnalysisReporter   : 

***************************
APPLICATION FAILED TO START
***************************

Description:

An attempt was made to call a method that does not exist. The attempt was made from the following location:

    org.springdoc.core.conditions.SpecPropertiesCondition.matches(SpecPropertiesCondition.java:33)

The following method did not exist:

    'io.swagger.v3.oas.models.OpenAPI org.springdoc.core.properties.SpringDocConfigProperties.getOpenApi()'

The calling method's class, org.springdoc.core.conditions.SpecPropertiesCondition, was loaded from the following location:

    jar:file:/C:/Users/Asus/.m2/repository/org/springdoc/springdoc-openapi-starter-common/2.5.0/springdoc-openapi-starter-common-2.5.0.jar!/org/springdoc/core/conditions/SpecPropertiesCondition.class

The called method's class, org.springdoc.core.properties.SpringDocConfigProperties, is available from the following locations:

    jar:file:/C:/Users/Asus/.m2/repository/org/springdoc/springdoc-openapi-starter-common/2.3.0/springdoc-openapi-starter-common-2.3.0.jar!/org/springdoc/core/properties/SpringDocConfigProperties.class
    jar:file:/C:/Users/Asus/.m2/repository/org/springdoc/springdoc-openapi-starter-common/2.5.0/springdoc-openapi-starter-common-2.5.0.jar!/org/springdoc/core/properties/SpringDocConfigProperties.class

The called method's class hierarchy was loaded from the following locations:

    org.springdoc.core.properties.SpringDocConfigProperties: file:/C:/Users/Asus/.m2/repository/org/springdoc/springdoc-openapi-starter-common/2.3.0/springdoc-openapi-starter-common-2.3.0.jar


Action:

Correct the classpath of your application so that it contains compatible versions of the classes org.springdoc.core.conditions.SpecPropertiesCondition and org.springdoc.core.properties.SpringDocConfigProperties

2026-04-30T16:24:05.321+05:30  INFO 12876 --- [project-service] [main] c.c.project.ProjectServiceApplication    : Starting ProjectServiceApplication using Java 17.0.12 with PID 12876 (D:\CODE-COLLAB\backend\project-service\target\classes started by Asus in D:\CODE-COLLAB\backend\project-service)
2026-04-30T16:24:05.323+05:30  INFO 12876 --- [project-service] [main] c.c.project.ProjectServiceApplication    : No active profile set, falling back to 1 default profile: "default"
2026-04-30T16:24:05.643+05:30  WARN 12876 --- [project-service] [main] ConfigServletWebServerApplicationContext : Exception encountered during context initialization - cancelling refresh attempt: org.springframework.beans.factory.BeanDefinitionStoreException: Failed to process import candidates for configuration class [com.codesync.project.ProjectServiceApplication]: 'io.swagger.v3.oas.models.OpenAPI org.springdoc.core.properties.SpringDocConfigProperties.getOpenApi()'
2026-04-30T16:24:05.648+05:30  INFO 12876 --- [project-service] [main] .s.b.a.l.ConditionEvaluationReportLogger : 

Error starting ApplicationContext. To display the condition evaluation report re-run your application with 'debug' enabled.
2026-04-30T16:24:05.662+05:30 ERROR 12876 --- [project-service] [main] o.s.b.d.LoggingFailureAnalysisReporter   : 

***************************
APPLICATION FAILED TO START
***************************

Description:

An attempt was made to call a method that does not exist. The attempt was made from the following location:

    org.springdoc.core.conditions.SpecPropertiesCondition.matches(SpecPropertiesCondition.java:33)

The following method did not exist:

    'io.swagger.v3.oas.models.OpenAPI org.springdoc.core.properties.SpringDocConfigProperties.getOpenApi()'

The calling method's class, org.springdoc.core.conditions.SpecPropertiesCondition, was loaded from the following location:

    jar:file:/C:/Users/Asus/.m2/repository/org/springdoc/springdoc-openapi-starter-common/2.5.0/springdoc-openapi-starter-common-2.5.0.jar!/org/springdoc/core/conditions/SpecPropertiesCondition.class

The called method's class, org.springdoc.core.properties.SpringDocConfigProperties, is available from the following locations:

    jar:file:/C:/Users/Asus/.m2/repository/org/springdoc/springdoc-openapi-starter-common/2.3.0/springdoc-openapi-starter-common-2.3.0.jar!/org/springdoc/core/properties/SpringDocConfigProperties.class
    jar:file:/C:/Users/Asus/.m2/repository/org/springdoc/springdoc-openapi-starter-common/2.5.0/springdoc-openapi-starter-common-2.5.0.jar!/org/springdoc/core/properties/SpringDocConfigProperties.class

The called method's class hierarchy was loaded from the following locations:

    org.springdoc.core.properties.SpringDocConfigProperties: file:/C:/Users/Asus/.m2/repository/org/springdoc/springdoc-openapi-starter-common/2.3.0/springdoc-openapi-starter-common-2.3.0.jar


Action:

Correct the classpath of your application so that it contains compatible versions of the classes org.springdoc.core.conditions.SpecPropertiesCondition and org.springdoc.core.properties.SpringDocConfigProperties

2026-04-30T16:24:53.355+05:30  INFO 27020 --- [project-service] [main] c.c.project.ProjectServiceApplication    : Starting ProjectServiceApplication using Java 17.0.12 with PID 27020 (D:\CODE-COLLAB\backend\project-service\target\classes started by Asus in D:\CODE-COLLAB\backend\project-service)
2026-04-30T16:24:53.356+05:30  INFO 27020 --- [project-service] [main] c.c.project.ProjectServiceApplication    : No active profile set, falling back to 1 default profile: "default"
2026-04-30T16:24:53.666+05:30  WARN 27020 --- [project-service] [main] ConfigServletWebServerApplicationContext : Exception encountered during context initialization - cancelling refresh attempt: org.springframework.beans.factory.BeanDefinitionStoreException: Failed to process import candidates for configuration class [com.codesync.project.ProjectServiceApplication]: 'io.swagger.v3.oas.models.OpenAPI org.springdoc.core.properties.SpringDocConfigProperties.getOpenApi()'
2026-04-30T16:24:53.670+05:30  INFO 27020 --- [project-service] [main] .s.b.a.l.ConditionEvaluationReportLogger : 

Error starting ApplicationContext. To display the condition evaluation report re-run your application with 'debug' enabled.
2026-04-30T16:24:53.684+05:30 ERROR 27020 --- [project-service] [main] o.s.b.d.LoggingFailureAnalysisReporter   : 

***************************
APPLICATION FAILED TO START
***************************

Description:

An attempt was made to call a method that does not exist. The attempt was made from the following location:

    org.springdoc.core.conditions.SpecPropertiesCondition.matches(SpecPropertiesCondition.java:33)

The following method did not exist:

    'io.swagger.v3.oas.models.OpenAPI org.springdoc.core.properties.SpringDocConfigProperties.getOpenApi()'

The calling method's class, org.springdoc.core.conditions.SpecPropertiesCondition, was loaded from the following location:

    jar:file:/C:/Users/Asus/.m2/repository/org/springdoc/springdoc-openapi-starter-common/2.5.0/springdoc-openapi-starter-common-2.5.0.jar!/org/springdoc/core/conditions/SpecPropertiesCondition.class

The called method's class, org.springdoc.core.properties.SpringDocConfigProperties, is available from the following locations:

    jar:file:/C:/Users/Asus/.m2/repository/org/springdoc/springdoc-openapi-starter-common/2.3.0/springdoc-openapi-starter-common-2.3.0.jar!/org/springdoc/core/properties/SpringDocConfigProperties.class
    jar:file:/C:/Users/Asus/.m2/repository/org/springdoc/springdoc-openapi-starter-common/2.5.0/springdoc-openapi-starter-common-2.5.0.jar!/org/springdoc/core/properties/SpringDocConfigProperties.class

The called method's class hierarchy was loaded from the following locations:

    org.springdoc.core.properties.SpringDocConfigProperties: file:/C:/Users/Asus/.m2/repository/org/springdoc/springdoc-openapi-starter-common/2.3.0/springdoc-openapi-starter-common-2.3.0.jar


Action:

Correct the classpath of your application so that it contains compatible versions of the classes org.springdoc.core.conditions.SpecPropertiesCondition and org.springdoc.core.properties.SpringDocConfigProperties

