#
# There is insufficient memory for the Java Runtime Environment to continue.
# Native memory allocation (mmap) failed to map 75497472 bytes for G1 virtual space
# Possible reasons:
#   The system is out of physical RAM or swap space
#   The process is running with CompressedOops enabled, and the Java Heap may be blocking the growth of the native heap
# Possible solutions:
#   Reduce memory load on the system
#   Increase physical memory or swap space
#   Check if swap backing store is full
#   Decrease Java heap size (-Xmx/-Xms)
#   Decrease number of Java threads
#   Decrease Java thread stack sizes (-Xss)
#   Set larger code cache with -XX:ReservedCodeCacheSize=
#   JVM is running with Zero Based Compressed Oops mode in which the Java heap is
#     placed in the first 32GB address space. The Java Heap base address is the
#     maximum limit for the native heap growth. Please use -XX:HeapBaseMinAddress
#     to set the Java Heap base and to place the Java Heap above 32GB virtual address.
# This output file may be truncated or incomplete.
#
#  Out of Memory Error (os_windows.cpp:3548), pid=3200, tid=33788
#
# JRE version: Java(TM) SE Runtime Environment (17.0.12+8) (build 17.0.12+8-LTS-286)
# Java VM: Java HotSpot(TM) 64-Bit Server VM (17.0.12+8-LTS-286, mixed mode, sharing, tiered, compressed oops, compressed class ptrs, g1 gc, windows-amd64)
# No core dump will be written. Minidumps are not enabled by default on client versions of Windows
#

---------------  S U M M A R Y ------------

Command Line: --enable-native-access=ALL-UNNAMED -Dclassworlds.conf=C:\Program Files\apache-maven-3.9.14\bin\m2.conf -Dmaven.home=C:\Program Files\apache-maven-3.9.14 -Dlibrary.jansi.path=C:\Program Files\apache-maven-3.9.14\lib\jansi-native -Dmaven.multiModuleProjectDirectory=D:\CODE-COLLAB\backend\project-service org.codehaus.plexus.classworlds.launcher.Launcher clean compile

Host: 12th Gen Intel(R) Core(TM) i5-12500H, 16 cores, 15G,  Windows 11 , 64 bit Build 26100 (10.0.26100.8246)
Time: Thu Apr 30 12:12:56 2026 India Standard Time elapsed time: 7.671552 seconds (0d 0h 0m 7s)

---------------  T H R E A D  ---------------

Current thread (0x00000208ff00a0a0):  VMThread "VM Thread" [stack: 0x0000004f74e00000,0x0000004f74f00000] [id=33788]

Stack: [0x0000004f74e00000,0x0000004f74f00000]
Native frames: (J=compiled Java code, j=interpreted, Vv=VM code, C=native code)
V  [jvm.dll+0x67a04a]
V  [jvm.dll+0x7da4ed]
V  [jvm.dll+0x7dbe33]
V  [jvm.dll+0x7dc4a3]
V  [jvm.dll+0x24508f]
V  [jvm.dll+0x677089]
V  [jvm.dll+0x66bd32]
V  [jvm.dll+0x301fa6]
V  [jvm.dll+0x309546]
V  [jvm.dll+0x359d2e]
V  [jvm.dll+0x359f5f]
V  [jvm.dll+0x2d9078]
V  [jvm.dll+0x2d74ad]
V  [jvm.dll+0x2d6afc]
V  [jvm.dll+0x31a65b]
V  [jvm.dll+0x7e0d9b]
V  [jvm.dll+0x7e1ad4]
V  [jvm.dll+0x7e1fed]
V  [jvm.dll+0x7e23c4]
V  [jvm.dll+0x7e2490]
V  [jvm.dll+0x78abea]
V  [jvm.dll+0x678f35]
C  [ucrtbase.dll+0x37b0]
C  [KERNEL32.DLL+0x2e8d7]
C  [ntdll.dll+0x8c3fc]

VM_Operation (0x0000004f748f7740): G1CollectForAllocation, mode: safepoint, requested by thread 0x000002089a4f6410


---------------  P R O C E S S  ---------------

Threads class SMR info:
_java_thread_list=0x0000020884ffe840, length=18, elements={
0x000002089a4f6410, 0x00000208ff00d830, 0x00000208ff010110, 0x00000208ff026840,
0x00000208ff027110, 0x00000208ff0279e0, 0x00000208ff0282b0, 0x00000208ff028eb0,
0x00000208ff029870, 0x00000208ff02a180, 0x00000208ff0f09c0, 0x00000208ff1d52a0,
0x00000208ff1dd9d0, 0x00000208ff7eb730, 0x00000208ff7ebc50, 0x0000020884563840,
0x00000208853b5c20, 0x00000208849d5370
}

Java Threads: ( => current thread )
  0x000002089a4f6410 JavaThread "main" [_thread_blocked, id=24048, stack(0x0000004f74800000,0x0000004f74900000)]
  0x00000208ff00d830 JavaThread "Reference Handler" daemon [_thread_blocked, id=32228, stack(0x0000004f74f00000,0x0000004f75000000)]
  0x00000208ff010110 JavaThread "Finalizer" daemon [_thread_blocked, id=31852, stack(0x0000004f75000000,0x0000004f75100000)]
  0x00000208ff026840 JavaThread "Signal Dispatcher" daemon [_thread_blocked, id=11652, stack(0x0000004f75100000,0x0000004f75200000)]
  0x00000208ff027110 JavaThread "Attach Listener" daemon [_thread_blocked, id=40820, stack(0x0000004f75200000,0x0000004f75300000)]
  0x00000208ff0279e0 JavaThread "Service Thread" daemon [_thread_blocked, id=14728, stack(0x0000004f75300000,0x0000004f75400000)]
  0x00000208ff0282b0 JavaThread "Monitor Deflation Thread" daemon [_thread_blocked, id=39660, stack(0x0000004f75400000,0x0000004f75500000)]
  0x00000208ff028eb0 JavaThread "C2 CompilerThread0" daemon [_thread_blocked, id=28168, stack(0x0000004f75500000,0x0000004f75600000)]
  0x00000208ff029870 JavaThread "C1 CompilerThread0" daemon [_thread_blocked, id=39304, stack(0x0000004f75600000,0x0000004f75700000)]
  0x00000208ff02a180 JavaThread "Sweeper thread" daemon [_thread_blocked, id=16168, stack(0x0000004f75700000,0x0000004f75800000)]
  0x00000208ff0f09c0 JavaThread "C1 CompilerThread1" daemon [_thread_blocked, id=1968, stack(0x0000004f75800000,0x0000004f75900000)]
  0x00000208ff1d52a0 JavaThread "Notification Thread" daemon [_thread_blocked, id=25148, stack(0x0000004f75900000,0x0000004f75a00000)]
  0x00000208ff1dd9d0 JavaThread "Common-Cleaner" daemon [_thread_blocked, id=22208, stack(0x0000004f75b00000,0x0000004f75c00000)]
  0x00000208ff7eb730 JavaThread "C1 CompilerThread2" daemon [_thread_blocked, id=36980, stack(0x0000004f75d00000,0x0000004f75e00000)]
  0x00000208ff7ebc50 JavaThread "C1 CompilerThread3" daemon [_thread_blocked, id=25988, stack(0x0000004f75e00000,0x0000004f75f00000)]
  0x0000020884563840 JavaThread "Thread-1" daemon [_thread_blocked, id=16096, stack(0x0000004f76800000,0x0000004f76900000)]
  0x00000208853b5c20 JavaThread "C2 CompilerThread1" daemon [_thread_blocked, id=9880, stack(0x0000004f75c00000,0x0000004f75d00000)]
  0x00000208849d5370 JavaThread "C2 CompilerThread2" daemon [_thread_blocked, id=40412, stack(0x0000004f75f00000,0x0000004f76000000)]

Other Threads:
=>0x00000208ff00a0a0 VMThread "VM Thread" [stack: 0x0000004f74e00000,0x0000004f74f00000] [id=33788]
  0x00000208bcf805f0 WatcherThread [stack: 0x0000004f75a00000,0x0000004f75b00000] [id=33612]
  0x000002089a55fa60 GCTaskThread "GC Thread#0" [stack: 0x0000004f74900000,0x0000004f74a00000] [id=31068]
  0x00000208845b3c80 GCTaskThread "GC Thread#1" [stack: 0x0000004f76100000,0x0000004f76200000] [id=27780]
  0x000002088464f160 GCTaskThread "GC Thread#2" [stack: 0x0000004f76200000,0x0000004f76300000] [id=26764]
  0x00000208ff32df40 GCTaskThread "GC Thread#3" [stack: 0x0000004f76300000,0x0000004f76400000] [id=32720]
  0x0000020884978b50 GCTaskThread "GC Thread#4" [stack: 0x0000004f76400000,0x0000004f76500000] [id=26816]
  0x0000020884978e10 GCTaskThread "GC Thread#5" [stack: 0x0000004f76500000,0x0000004f76600000] [id=31588]
  0x0000020884456710 GCTaskThread "GC Thread#6" [stack: 0x0000004f76600000,0x0000004f76700000] [id=30916]
  0x0000020884940780 GCTaskThread "GC Thread#7" [stack: 0x0000004f76000000,0x0000004f76100000] [id=17688]
  0x0000020884c26ef0 GCTaskThread "GC Thread#8" [stack: 0x0000004f76700000,0x0000004f76800000] [id=34128]
  0x00000208846d9380 GCTaskThread "GC Thread#9" [stack: 0x0000004f76900000,0x0000004f76a00000] [id=22272]
  0x00000208846d8b40 GCTaskThread "GC Thread#10" [stack: 0x0000004f76a00000,0x0000004f76b00000] [id=36724]
  0x00000208846d85c0 GCTaskThread "GC Thread#11" [stack: 0x0000004f76b00000,0x0000004f76c00000] [id=25320]
  0x00000208846d7ac0 GCTaskThread "GC Thread#12" [stack: 0x0000004f76c00000,0x0000004f76d00000] [id=38876]
  0x000002089a5713e0 ConcurrentGCThread "G1 Main Marker" [stack: 0x0000004f74a00000,0x0000004f74b00000] [id=15572]
  0x000002089a572d10 ConcurrentGCThread "G1 Conc#0" [stack: 0x0000004f74b00000,0x0000004f74c00000] [id=4524]
  0x00000208846d7d80 ConcurrentGCThread "G1 Conc#1" [stack: 0x0000004f76d00000,0x0000004f76e00000] [id=9700]
  0x00000208846d8880 ConcurrentGCThread "G1 Conc#2" [stack: 0x0000004f76e00000,0x0000004f76f00000] [id=25588]
  0x00000208bd03bbd0 ConcurrentGCThread "G1 Refine#0" [stack: 0x0000004f74c00000,0x0000004f74d00000] [id=15296]
  0x00000208bd03c3b0 ConcurrentGCThread "G1 Service" [stack: 0x0000004f74d00000,0x0000004f74e00000] [id=41200]

Threads with active compile tasks:
C2 CompilerThread0     7693 7575       4       lombok.core.AST::buildWithField (21 bytes)
C2 CompilerThread1     7693 7576   !   4       lombok.core.AST::buildWithField0 (121 bytes)
C2 CompilerThread2     7693 7628       4       lombok.javac.JavacAST::buildTree (176 bytes)

VM state: at safepoint (normal execution)

VM Mutex/Monitor currently owned by a thread:  ([mutex/lock_event])
[0x000002089a4f2790] Threads_lock - owner thread: 0x00000208ff00a0a0
[0x000002089a4f3900] Heap_lock - owner thread: 0x000002089a4f6410

Heap address: 0x0000000704e00000, size: 4018 MB, Compressed Oops mode: Zero based, Oop shift amount: 3

CDS archive(s) mapped at: [0x00000208be000000-0x00000208bebd0000-0x00000208bebd0000), size 12386304, SharedBaseAddress: 0x00000208be000000, ArchiveRelocationMode: 1.
Compressed class space mapped at: 0x00000208bf000000-0x00000208ff000000, reserved size: 1073741824
Narrow klass base: 0x00000208be000000, Narrow klass shift: 0, Narrow klass range: 0x100000000

GC Precious Log:
 CPUs: 16 total, 16 available
 Memory: 16066M
 Large Page Support: Disabled
 NUMA Support: Disabled
 Compressed Oops: Enabled (Zero based)
 Heap Region Size: 2M
 Heap Min Capacity: 8M
 Heap Initial Capacity: 252M
 Heap Max Capacity: 4018M
 Pre-touch: Disabled
 Parallel Workers: 13
 Concurrent Workers: 3
 Concurrent Refinement Workers: 13
 Periodic GC: Disabled

Heap:
 garbage-first heap   total 112640K, used 57859K [0x0000000704e00000, 0x0000000800000000)
  region size 2048K, 2 young (4096K), 2 survivors (4096K)
 Metaspace       used 30846K, committed 31232K, reserved 1114112K
  class space    used 3479K, committed 3648K, reserved 1048576K

Heap Regions: E=young(eden), S=young(survivor), O=old, HS=humongous(starts), HC=humongous(continues), CS=collection set, F=free, OA=open archive, CA=closed archive, TAMS=top-at-mark-start (previous, next)
|   0|0x0000000704e00000, 0x0000000705000000, 0x0000000705000000|100%| O|  |TAMS 0x0000000705000000, 0x0000000705000000| Untracked 
|   1|0x0000000705000000, 0x0000000705200000, 0x0000000705200000|100%| O|  |TAMS 0x0000000705200000, 0x0000000705200000| Untracked 
|   2|0x0000000705200000, 0x0000000705400000, 0x0000000705400000|100%| O|  |TAMS 0x0000000705400000, 0x0000000705400000| Untracked 
|   3|0x0000000705400000, 0x0000000705600000, 0x0000000705600000|100%|HS|  |TAMS 0x0000000705600000, 0x0000000705600000| Complete 
|   4|0x0000000705600000, 0x0000000705800000, 0x0000000705800000|100%| O|  |TAMS 0x0000000705800000, 0x0000000705800000| Untracked 
|   5|0x0000000705800000, 0x0000000705a00000, 0x0000000705a00000|100%| O|  |TAMS 0x0000000705a00000, 0x0000000705a00000| Untracked 
|   6|0x0000000705a00000, 0x0000000705c00000, 0x0000000705c00000|100%| O|  |TAMS 0x0000000705c00000, 0x0000000705c00000| Untracked 
|   7|0x0000000705c00000, 0x0000000705e00000, 0x0000000705e00000|100%| O|  |TAMS 0x0000000705e00000, 0x0000000705e00000| Untracked 
|   8|0x0000000705e00000, 0x0000000706000000, 0x0000000706000000|100%| O|  |TAMS 0x0000000706000000, 0x0000000706000000| Untracked 
|   9|0x0000000706000000, 0x0000000706200000, 0x0000000706200000|100%| O|  |TAMS 0x0000000706100000, 0x0000000706200000| Untracked 
|  10|0x0000000706200000, 0x0000000706400000, 0x0000000706400000|100%| O|  |TAMS 0x0000000706400000, 0x0000000706400000| Untracked 
|  11|0x0000000706400000, 0x0000000706600000, 0x0000000706600000|100%| O|  |TAMS 0x0000000706600000, 0x0000000706600000| Untracked 
|  12|0x0000000706600000, 0x0000000706800000, 0x0000000706800000|100%| O|  |TAMS 0x0000000706800000, 0x0000000706800000| Untracked 
|  13|0x0000000706800000, 0x0000000706a00000, 0x0000000706a00000|100%| O|  |TAMS 0x0000000706a00000, 0x0000000706a00000| Untracked 
|  14|0x0000000706a00000, 0x0000000706c00000, 0x0000000706c00000|100%| O|  |TAMS 0x0000000706c00000, 0x0000000706c00000| Untracked 
|  15|0x0000000706c00000, 0x0000000706e00000, 0x0000000706e00000|100%| O|  |TAMS 0x0000000706e00000, 0x0000000706e00000| Untracked 
|  16|0x0000000706e00000, 0x0000000707000000, 0x0000000707000000|100%| O|  |TAMS 0x0000000706e00000, 0x0000000707000000| Untracked 
|  17|0x0000000707000000, 0x0000000707174c00, 0x0000000707200000| 72%| O|  |TAMS 0x0000000707000000, 0x0000000707174c00| Untracked 
|  18|0x0000000707200000, 0x0000000707200000, 0x0000000707400000|  0%| F|  |TAMS 0x0000000707200000, 0x0000000707200000| Untracked 
|  19|0x0000000707400000, 0x0000000707400000, 0x0000000707600000|  0%| F|  |TAMS 0x0000000707400000, 0x0000000707400000| Untracked 
|  20|0x0000000707600000, 0x0000000707800000, 0x0000000707800000|100%| O|  |TAMS 0x0000000707800000, 0x0000000707800000| Untracked 
|  21|0x0000000707800000, 0x0000000707a00000, 0x0000000707a00000|100%| O|  |TAMS 0x0000000707a00000, 0x0000000707a00000| Untracked 
|  22|0x0000000707a00000, 0x0000000707c00000, 0x0000000707c00000|100%| O|  |TAMS 0x0000000707c00000, 0x0000000707c00000| Untracked 
|  23|0x0000000707c00000, 0x0000000707e00000, 0x0000000707e00000|100%| O|  |TAMS 0x0000000707e00000, 0x0000000707e00000| Untracked 
|  24|0x0000000707e00000, 0x0000000707e00000, 0x0000000708000000|  0%| F|  |TAMS 0x0000000707e00000, 0x0000000707e00000| Untracked 
|  25|0x0000000708000000, 0x0000000708000000, 0x0000000708200000|  0%| F|  |TAMS 0x0000000708000000, 0x0000000708000000| Untracked 
|  26|0x0000000708200000, 0x0000000708200000, 0x0000000708400000|  0%| F|  |TAMS 0x0000000708200000, 0x0000000708200000| Untracked 
|  27|0x0000000708400000, 0x0000000708400000, 0x0000000708600000|  0%| F|  |TAMS 0x0000000708400000, 0x0000000708400000| Untracked 
|  28|0x0000000708600000, 0x0000000708600000, 0x0000000708800000|  0%| F|  |TAMS 0x0000000708600000, 0x0000000708600000| Untracked 
|  29|0x0000000708800000, 0x0000000708800000, 0x0000000708a00000|  0%| F|  |TAMS 0x0000000708800000, 0x0000000708800000| Untracked 
|  30|0x0000000708a00000, 0x0000000708a00000, 0x0000000708c00000|  0%| F|  |TAMS 0x0000000708a00000, 0x0000000708a00000| Untracked 
|  31|0x0000000708c00000, 0x0000000708c00000, 0x0000000708e00000|  0%| F|  |TAMS 0x0000000708c00000, 0x0000000708c00000| Untracked 
|  32|0x0000000708e00000, 0x0000000708f0c1e0, 0x0000000709000000| 52%| S|CS|TAMS 0x0000000708e00000, 0x0000000708e00000| Complete 
|  33|0x0000000709000000, 0x0000000709200000, 0x0000000709200000|100%| S|CS|TAMS 0x0000000709000000, 0x0000000709000000| Complete 
|  34|0x0000000709200000, 0x0000000709200000, 0x0000000709400000|  0%| F|  |TAMS 0x0000000709200000, 0x0000000709200000| Untracked 
|  35|0x0000000709400000, 0x0000000709400000, 0x0000000709600000|  0%| F|  |TAMS 0x0000000709400000, 0x0000000709400000| Untracked 
|  36|0x0000000709600000, 0x0000000709600000, 0x0000000709800000|  0%| F|  |TAMS 0x0000000709600000, 0x0000000709600000| Untracked 
|  37|0x0000000709800000, 0x0000000709800000, 0x0000000709a00000|  0%| F|  |TAMS 0x0000000709800000, 0x0000000709800000| Untracked 
|  38|0x0000000709a00000, 0x0000000709a00000, 0x0000000709c00000|  0%| F|  |TAMS 0x0000000709a00000, 0x0000000709a00000| Untracked 
|  39|0x0000000709c00000, 0x0000000709c00000, 0x0000000709e00000|  0%| F|  |TAMS 0x0000000709c00000, 0x0000000709c00000| Untracked 
|  40|0x0000000709e00000, 0x0000000709e00000, 0x000000070a000000|  0%| F|  |TAMS 0x0000000709e00000, 0x0000000709e00000| Untracked 
|  41|0x000000070a000000, 0x000000070a000000, 0x000000070a200000|  0%| F|  |TAMS 0x000000070a000000, 0x000000070a000000| Untracked 
|  42|0x000000070a200000, 0x000000070a200000, 0x000000070a400000|  0%| F|  |TAMS 0x000000070a200000, 0x000000070a200000| Untracked 
|  43|0x000000070a400000, 0x000000070a400000, 0x000000070a600000|  0%| F|  |TAMS 0x000000070a400000, 0x000000070a400000| Untracked 
|  44|0x000000070a600000, 0x000000070a600000, 0x000000070a800000|  0%| F|  |TAMS 0x000000070a600000, 0x000000070a600000| Untracked 
|  81|0x000000070f000000, 0x000000070f000000, 0x000000070f200000|  0%| F|  |TAMS 0x000000070f000000, 0x000000070f000000| Untracked 
|  82|0x000000070f200000, 0x000000070f200000, 0x000000070f400000|  0%| F|  |TAMS 0x000000070f200000, 0x000000070f200000| Untracked 
|  83|0x000000070f400000, 0x000000070f400000, 0x000000070f600000|  0%| F|  |TAMS 0x000000070f400000, 0x000000070f400000| Untracked 
|  84|0x000000070f600000, 0x000000070f600000, 0x000000070f800000|  0%| F|  |TAMS 0x000000070f600000, 0x000000070f600000| Untracked 
| 125|0x0000000714800000, 0x0000000714800000, 0x0000000714a00000|  0%| F|  |TAMS 0x0000000714800000, 0x0000000714800000| Untracked 
|2004|0x00000007ff600000, 0x00000007ff800000, 0x00000007ff800000|100%| O|  |TAMS 0x00000007ff800000, 0x00000007ff800000| Untracked 
|2005|0x00000007ff800000, 0x00000007ffa00000, 0x00000007ffa00000|100%| O|  |TAMS 0x00000007ffa00000, 0x00000007ffa00000| Untracked 
|2006|0x00000007ffa00000, 0x00000007ffc00000, 0x00000007ffc00000|100%| O|  |TAMS 0x00000007ffc00000, 0x00000007ffc00000| Untracked 
|2007|0x00000007ffc00000, 0x00000007ffe00000, 0x00000007ffe00000|100%| O|  |TAMS 0x00000007ffe00000, 0x00000007ffe00000| Untracked 
|2008|0x00000007ffe00000, 0x0000000800000000, 0x0000000800000000|100%| O|  |TAMS 0x0000000800000000, 0x0000000800000000| Untracked 

Card table byte_map: [0x00000208b1e10000,0x00000208b25f0000] _byte_map_base: 0x00000208ae5e9000

Marking Bits (Prev, Next): (CMBitMap*) 0x000002089a55ff90, (CMBitMap*) 0x000002089a55ffd0
 Prev Bits: [0x00000208b2dd0000, 0x00000208b6c98000)
 Next Bits: [0x00000208b6ca0000, 0x00000208bab68000)

Polling page: 0x0000020898460000

Metaspace:

Usage:
  Non-class:     26.72 MB used.
      Class:      3.40 MB used.
       Both:     30.12 MB used.

Virtual space:
  Non-class space:       64.00 MB reserved,      26.94 MB ( 42%) committed,  1 nodes.
      Class space:        1.00 GB reserved,       3.56 MB ( <1%) committed,  1 nodes.
             Both:        1.06 GB reserved,      30.50 MB (  3%) committed. 

Chunk freelists:
   Non-Class:  4.51 MB
       Class:  12.39 MB
        Both:  16.89 MB

MaxMetaspaceSize: unlimited
CompressedClassSpaceSize: 1.00 GB
Initial GC threshold: 21.00 MB
Current GC threshold: 47.81 MB
CDS: on
MetaspaceReclaimPolicy: balanced
 - commit_granule_bytes: 65536.
 - commit_granule_words: 8192.
 - virtual_space_node_default_size: 8388608.
 - enlarge_chunks_in_place: 1.
 - new_chunks_are_fully_committed: 0.
 - uncommit_free_chunks: 1.
 - use_allocation_guard: 0.
 - handle_deallocations: 1.


Internal statistics:

num_allocs_failed_limit: 3.
num_arena_births: 266.
num_arena_deaths: 0.
num_vsnodes_births: 2.
num_vsnodes_deaths: 0.
num_space_committed: 488.
num_space_uncommitted: 0.
num_chunks_returned_to_freelist: 3.
num_chunks_taken_from_freelist: 1474.
num_chunk_merges: 3.
num_chunk_splits: 986.
num_chunks_enlarged: 719.
num_inconsistent_stats: 0.

CodeHeap 'non-profiled nmethods': size=119168Kb used=4160Kb max_used=4160Kb free=115007Kb
 bounds [0x00000208a9950000, 0x00000208a9d70000, 0x00000208b0db0000]
CodeHeap 'profiled nmethods': size=119104Kb used=17359Kb max_used=17359Kb free=101744Kb
 bounds [0x00000208a1db0000, 0x00000208a2eb0000, 0x00000208a9200000]
CodeHeap 'non-nmethods': size=7488Kb used=2902Kb max_used=2970Kb free=4585Kb
 bounds [0x00000208a9200000, 0x00000208a94f0000, 0x00000208a9950000]
 total_blobs=8010 nmethods=7493 adapters=426
 compilation: enabled
              stopped_count=0, restarted_count=0
 full_count=0

Compilation events (20 events):
Event: 6.537 Thread 0x00000208ff7ebc50 8342       2       com.sun.tools.javac.code.Symbol$TypeSymbol::precedes (132 bytes)
Event: 6.538 Thread 0x00000208ff029870 8343       2       com.sun.tools.javac.util.List::appendList (6 bytes)
Event: 6.538 Thread 0x00000208ff7ebc50 nmethod 8342 0x00000208a2ea0410 code [0x00000208a2ea0660, 0x00000208a2ea0b98]
Event: 6.538 Thread 0x00000208ff029870 nmethod 8343 0x00000208a2ea0f10 code [0x00000208a2ea10a0, 0x00000208a2ea11c8]
Event: 6.538 Thread 0x00000208ff7ebc50 8344       2       com.sun.tools.javac.comp.Infer$CheckBounds$$Lambda$424/0x00000208bf382820::apply (12 bytes)
Event: 6.538 Thread 0x00000208ff7eb730 8345       2       com.sun.tools.javac.comp.Resolve$MethodResolutionContext$Candidate::<init> (32 bytes)
Event: 6.539 Thread 0x00000208ff7ebc50 nmethod 8344 0x00000208a2ea1290 code [0x00000208a2ea1440, 0x00000208a2ea1608]
Event: 6.539 Thread 0x00000208ff7eb730 nmethod 8345 0x00000208a2ea1790 code [0x00000208a2ea1940, 0x00000208a2ea1c38]
Event: 6.539 Thread 0x00000208ff7eb730 8346       2       com.sun.tools.javac.comp.Check::validate (30 bytes)
Event: 6.540 Thread 0x00000208ff0f09c0 8347       2       com.sun.tools.javac.comp.Resolve$MethodCheckContext::<init> (26 bytes)
Event: 6.540 Thread 0x00000208ff0f09c0 nmethod 8347 0x00000208a2ea2410 code [0x00000208a2ea25a0, 0x00000208a2ea27d8]
Event: 6.540 Thread 0x00000208ff7eb730 nmethod 8346 0x00000208a2ea1d10 code [0x00000208a2ea1ec0, 0x00000208a2ea2228]
Event: 6.542 Thread 0x00000208ff7eb730 8348       2       com.sun.tools.javac.comp.Resolve$MethodResultInfo::<init> (24 bytes)
Event: 6.542 Thread 0x00000208ff7ebc50 8349       2       com.sun.tools.javac.comp.Resolve$4::checkArg (22 bytes)
Event: 6.542 Thread 0x00000208ff029870 8350       2       com.sun.tools.javac.comp.Resolve$4::methodCheckResult (44 bytes)
Event: 6.542 Thread 0x00000208ff0f09c0 8351       2       com.sun.tools.javac.comp.Resolve$4$1::<init> (44 bytes)
Event: 6.543 Thread 0x00000208ff7ebc50 nmethod 8349 0x00000208a2ea2890 code [0x00000208a2ea2a40, 0x00000208a2ea2bb8]
Event: 6.543 Thread 0x00000208ff7eb730 nmethod 8348 0x00000208a2ea2c90 code [0x00000208a2ea2e40, 0x00000208a2ea30b8]
Event: 6.543 Thread 0x00000208ff029870 nmethod 8350 0x00000208a2ea3210 code [0x00000208a2ea33c0, 0x00000208a2ea3658]
Event: 6.543 Thread 0x00000208ff0f09c0 nmethod 8351 0x00000208a2ea3810 code [0x00000208a2ea39c0, 0x00000208a2ea3cf8]

GC Heap History (19 events):
Event: 0.438 GC heap before
{Heap before GC invocations=0 (full 0):
 garbage-first heap   total 258048K, used 22528K [0x0000000704e00000, 0x0000000800000000)
  region size 2048K, 11 young (22528K), 0 survivors (0K)
 Metaspace       used 5388K, committed 5568K, reserved 1114112K
  class space    used 639K, committed 704K, reserved 1048576K
}
Event: 0.441 GC heap after
{Heap after GC invocations=1 (full 0):
 garbage-first heap   total 258048K, used 3746K [0x0000000704e00000, 0x0000000800000000)
  region size 2048K, 2 young (4096K), 2 survivors (4096K)
 Metaspace       used 5388K, committed 5568K, reserved 1114112K
  class space    used 639K, committed 704K, reserved 1048576K
}
Event: 0.817 GC heap before
{Heap before GC invocations=1 (full 0):
 garbage-first heap   total 258048K, used 36514K [0x0000000704e00000, 0x0000000800000000)
  region size 2048K, 18 young (36864K), 2 survivors (4096K)
 Metaspace       used 9307K, committed 9472K, reserved 1114112K
  class space    used 1121K, committed 1216K, reserved 1048576K
}
Event: 0.819 GC heap after
{Heap after GC invocations=2 (full 0):
 garbage-first heap   total 258048K, used 5234K [0x0000000704e00000, 0x0000000800000000)
  region size 2048K, 1 young (2048K), 1 survivors (2048K)
 Metaspace       used 9307K, committed 9472K, reserved 1114112K
  class space    used 1121K, committed 1216K, reserved 1048576K
}
Event: 3.035 GC heap before
{Heap before GC invocations=2 (full 0):
 garbage-first heap   total 258048K, used 156786K [0x0000000704e00000, 0x0000000800000000)
  region size 2048K, 75 young (153600K), 1 survivors (2048K)
 Metaspace       used 16183K, committed 16384K, reserved 1114112K
  class space    used 1842K, committed 1920K, reserved 1048576K
}
Event: 3.042 GC heap after
{Heap after GC invocations=3 (full 0):
 garbage-first heap   total 258048K, used 17231K [0x0000000704e00000, 0x0000000800000000)
  region size 2048K, 7 young (14336K), 7 survivors (14336K)
 Metaspace       used 16183K, committed 16384K, reserved 1114112K
  class space    used 1842K, committed 1920K, reserved 1048576K
}
Event: 4.399 GC heap before
{Heap before GC invocations=3 (full 0):
 garbage-first heap   total 258048K, used 103247K [0x0000000704e00000, 0x0000000800000000)
  region size 2048K, 48 young (98304K), 7 survivors (14336K)
 Metaspace       used 21219K, committed 21504K, reserved 1114112K
  class space    used 2443K, committed 2560K, reserved 1048576K
}
Event: 4.408 GC heap after
{Heap after GC invocations=4 (full 0):
 garbage-first heap   total 258048K, used 28056K [0x0000000704e00000, 0x0000000800000000)
  region size 2048K, 4 young (8192K), 4 survivors (8192K)
 Metaspace       used 21219K, committed 21504K, reserved 1114112K
  class space    used 2443K, committed 2560K, reserved 1048576K
}
Event: 4.978 GC heap before
{Heap before GC invocations=5 (full 0):
 garbage-first heap   total 102400K, used 81304K [0x0000000704e00000, 0x0000000800000000)
  region size 2048K, 30 young (61440K), 4 survivors (8192K)
 Metaspace       used 26037K, committed 26432K, reserved 1114112K
  class space    used 2971K, committed 3136K, reserved 1048576K
}
Event: 4.985 GC heap after
{Heap after GC invocations=6 (full 0):
 garbage-first heap   total 112640K, used 47231K [0x0000000704e00000, 0x0000000800000000)
  region size 2048K, 4 young (8192K), 4 survivors (8192K)
 Metaspace       used 26037K, committed 26432K, reserved 1114112K
  class space    used 2971K, committed 3136K, reserved 1048576K
}
Event: 5.001 GC heap before
{Heap before GC invocations=6 (full 0):
 garbage-first heap   total 112640K, used 49279K [0x0000000704e00000, 0x0000000800000000)
  region size 2048K, 5 young (10240K), 4 survivors (8192K)
 Metaspace       used 26109K, committed 26496K, reserved 1114112K
  class space    used 2980K, committed 3136K, reserved 1048576K
}
Event: 5.006 GC heap after
{Heap after GC invocations=7 (full 0):
 garbage-first heap   total 112640K, used 49403K [0x0000000704e00000, 0x0000000800000000)
  region size 2048K, 1 young (2048K), 1 survivors (2048K)
 Metaspace       used 26109K, committed 26496K, reserved 1114112K
  class space    used 2980K, committed 3136K, reserved 1048576K
}
Event: 5.430 GC heap before
{Heap before GC invocations=7 (full 0):
 garbage-first heap   total 112640K, used 78075K [0x0000000704e00000, 0x0000000800000000)
  region size 2048K, 16 young (32768K), 1 survivors (2048K)
 Metaspace       used 27613K, committed 27968K, reserved 1114112K
  class space    used 3095K, committed 3264K, reserved 1048576K
}
Event: 5.437 GC heap after
{Heap after GC invocations=8 (full 0):
 garbage-first heap   total 112640K, used 54272K [0x0000000704e00000, 0x0000000800000000)
  region size 2048K, 2 young (4096K), 2 survivors (4096K)
 Metaspace       used 27613K, committed 27968K, reserved 1114112K
  class space    used 3095K, committed 3264K, reserved 1048576K
}
Event: 5.899 GC heap before
{Heap before GC invocations=8 (full 0):
 garbage-first heap   total 112640K, used 80896K [0x0000000704e00000, 0x0000000800000000)
  region size 2048K, 16 young (32768K), 2 survivors (4096K)
 Metaspace       used 28970K, committed 29312K, reserved 1114112K
  class space    used 3270K, committed 3456K, reserved 1048576K
}
Event: 5.906 GC heap after
{Heap after GC invocations=9 (full 0):
 garbage-first heap   total 112640K, used 55675K [0x0000000704e00000, 0x0000000800000000)
  region size 2048K, 1 young (2048K), 1 survivors (2048K)
 Metaspace       used 28970K, committed 29312K, reserved 1114112K
  class space    used 3270K, committed 3456K, reserved 1048576K
}
Event: 6.135 GC heap before
{Heap before GC invocations=10 (full 0):
 garbage-first heap   total 112640K, used 84347K [0x0000000704e00000, 0x0000000800000000)
  region size 2048K, 15 young (30720K), 1 survivors (2048K)
 Metaspace       used 29528K, committed 29952K, reserved 1114112K
  class space    used 3318K, committed 3520K, reserved 1048576K
}
Event: 6.140 GC heap after
{Heap after GC invocations=11 (full 0):
 garbage-first heap   total 112640K, used 56485K [0x0000000704e00000, 0x0000000800000000)
  region size 2048K, 1 young (2048K), 1 survivors (2048K)
 Metaspace       used 29528K, committed 29952K, reserved 1114112K
  class space    used 3318K, committed 3520K, reserved 1048576K
}
Event: 6.545 GC heap before
{Heap before GC invocations=11 (full 0):
 garbage-first heap   total 112640K, used 87205K [0x0000000704e00000, 0x0000000800000000)
  region size 2048K, 16 young (32768K), 1 survivors (2048K)
 Metaspace       used 30846K, committed 31232K, reserved 1114112K
  class space    used 3479K, committed 3648K, reserved 1048576K
}

Deoptimization events (20 events):
Event: 6.362 Thread 0x000002089a4f6410 Uncommon trap: trap_request=0xffffffc6 fr.pc=0x00000208a9b16a8c relative=0x0000000000000dac
Event: 6.362 Thread 0x000002089a4f6410 Uncommon trap: reason=bimorphic_or_optimized_type_check action=maybe_recompile pc=0x00000208a9b16a8c method=java.util.HashMap.putVal(ILjava/lang/Object;Ljava/lang/Object;ZZ)Ljava/lang/Object; @ 253 c2
Event: 6.362 Thread 0x000002089a4f6410 DEOPT PACKING pc=0x00000208a9b16a8c sp=0x0000004f748fd4d0
Event: 6.362 Thread 0x000002089a4f6410 DEOPT UNPACKING pc=0x00000208a92523a3 sp=0x0000004f748fd460 mode 2
Event: 6.390 Thread 0x000002089a4f6410 Uncommon trap: trap_request=0xffffff45 fr.pc=0x00000208a9cd8648 relative=0x0000000000001c28
Event: 6.390 Thread 0x000002089a4f6410 Uncommon trap: reason=unstable_if action=reinterpret pc=0x00000208a9cd8648 method=lombok.launch.PackageShader.apply([B)Z @ 190 c2
Event: 6.390 Thread 0x000002089a4f6410 DEOPT PACKING pc=0x00000208a9cd8648 sp=0x0000004f748fc520
Event: 6.390 Thread 0x000002089a4f6410 DEOPT UNPACKING pc=0x00000208a92523a3 sp=0x0000004f748fc4d0 mode 2
Event: 6.390 Thread 0x000002089a4f6410 Uncommon trap: trap_request=0xffffff45 fr.pc=0x00000208a9cc6708 relative=0x00000000000008c8
Event: 6.390 Thread 0x000002089a4f6410 Uncommon trap: reason=unstable_if action=reinterpret pc=0x00000208a9cc6708 method=lombok.launch.PackageShader.apply([B)Z @ 190 c2
Event: 6.390 Thread 0x000002089a4f6410 DEOPT PACKING pc=0x00000208a9cc6708 sp=0x0000004f748fc550
Event: 6.390 Thread 0x000002089a4f6410 DEOPT UNPACKING pc=0x00000208a92523a3 sp=0x0000004f748fc4d0 mode 2
Event: 6.411 Thread 0x000002089a4f6410 DEOPT PACKING pc=0x00000208a2aef33c sp=0x0000004f748fb8a0
Event: 6.411 Thread 0x000002089a4f6410 DEOPT UNPACKING pc=0x00000208a9252b43 sp=0x0000004f748fadf8 mode 0
Event: 6.502 Thread 0x000002089a4f6410 DEOPT PACKING pc=0x00000208a2e37cd4 sp=0x0000004f748fb2e0
Event: 6.502 Thread 0x000002089a4f6410 DEOPT UNPACKING pc=0x00000208a9252b43 sp=0x0000004f748fa818 mode 1
Event: 6.521 Thread 0x000002089a4f6410 Uncommon trap: trap_request=0xffffffc6 fr.pc=0x00000208a9d10550 relative=0x00000000000014b0
Event: 6.521 Thread 0x000002089a4f6410 Uncommon trap: reason=bimorphic_or_optimized_type_check action=maybe_recompile pc=0x00000208a9d10550 method=java.util.HashMap.computeIfAbsent(Ljava/lang/Object;Ljava/util/function/Function;)Ljava/lang/Object; @ 142 c2
Event: 6.521 Thread 0x000002089a4f6410 DEOPT PACKING pc=0x00000208a9d10550 sp=0x0000004f748fbe10
Event: 6.521 Thread 0x000002089a4f6410 DEOPT UNPACKING pc=0x00000208a92523a3 sp=0x0000004f748fbdd8 mode 2

Classes unloaded (0 events):
No events

Classes redefined (0 events):
No events

Internal exceptions (20 events):
Event: 6.528 Thread 0x000002089a4f6410 Exception <a 'sun/nio/fs/WindowsException'{0x0000000709554700}> (0x0000000709554700) 
thrown [s\open\src\hotspot\share\prims\jni.cpp, line 516]
Event: 6.528 Thread 0x000002089a4f6410 Exception <a 'sun/nio/fs/WindowsException'{0x0000000709554a60}> (0x0000000709554a60) 
thrown [s\open\src\hotspot\share\prims\jni.cpp, line 516]
Event: 6.528 Thread 0x000002089a4f6410 Exception <a 'sun/nio/fs/WindowsException'{0x00000007095564b0}> (0x00000007095564b0) 
thrown [s\open\src\hotspot\share\prims\jni.cpp, line 516]
Event: 6.528 Thread 0x000002089a4f6410 Exception <a 'sun/nio/fs/WindowsException'{0x0000000709556898}> (0x0000000709556898) 
thrown [s\open\src\hotspot\share\prims\jni.cpp, line 516]
Event: 6.532 Thread 0x000002089a4f6410 Exception <a 'sun/nio/fs/WindowsException'{0x000000070957eaf0}> (0x000000070957eaf0) 
thrown [s\open\src\hotspot\share\prims\jni.cpp, line 516]
Event: 6.532 Thread 0x000002089a4f6410 Exception <a 'sun/nio/fs/WindowsException'{0x000000070957ee40}> (0x000000070957ee40) 
thrown [s\open\src\hotspot\share\prims\jni.cpp, line 516]
Event: 6.533 Thread 0x000002089a4f6410 Exception <a 'sun/nio/fs/WindowsException'{0x00000007095851c0}> (0x00000007095851c0) 
thrown [s\open\src\hotspot\share\prims\jni.cpp, line 516]
Event: 6.533 Thread 0x000002089a4f6410 Exception <a 'sun/nio/fs/WindowsException'{0x00000007095854c0}> (0x00000007095854c0) 
thrown [s\open\src\hotspot\share\prims\jni.cpp, line 516]
Event: 6.533 Thread 0x000002089a4f6410 Exception <a 'sun/nio/fs/WindowsException'{0x0000000709595fd8}> (0x0000000709595fd8) 
thrown [s\open\src\hotspot\share\prims\jni.cpp, line 516]
Event: 6.533 Thread 0x000002089a4f6410 Exception <a 'sun/nio/fs/WindowsException'{0x0000000709596320}> (0x0000000709596320) 
thrown [s\open\src\hotspot\share\prims\jni.cpp, line 516]
Event: 6.534 Thread 0x000002089a4f6410 Exception <a 'sun/nio/fs/WindowsException'{0x0000000709597d60}> (0x0000000709597d60) 
thrown [s\open\src\hotspot\share\prims\jni.cpp, line 516]
Event: 6.534 Thread 0x000002089a4f6410 Exception <a 'sun/nio/fs/WindowsException'{0x0000000709598130}> (0x0000000709598130) 
thrown [s\open\src\hotspot\share\prims\jni.cpp, line 516]
Event: 6.535 Thread 0x000002089a4f6410 Exception <a 'sun/nio/fs/WindowsException'{0x000000070959b1c8}> (0x000000070959b1c8) 
thrown [s\open\src\hotspot\share\prims\jni.cpp, line 516]
Event: 6.535 Thread 0x000002089a4f6410 Exception <a 'sun/nio/fs/WindowsException'{0x000000070959b4e8}> (0x000000070959b4e8) 
thrown [s\open\src\hotspot\share\prims\jni.cpp, line 516]
Event: 6.535 Thread 0x000002089a4f6410 Exception <a 'sun/nio/fs/WindowsException'{0x00000007095a22b8}> (0x00000007095a22b8) 
thrown [s\open\src\hotspot\share\prims\jni.cpp, line 516]
Event: 6.535 Thread 0x000002089a4f6410 Exception <a 'sun/nio/fs/WindowsException'{0x00000007095a2588}> (0x00000007095a2588) 
thrown [s\open\src\hotspot\share\prims\jni.cpp, line 516]
Event: 6.536 Thread 0x000002089a4f6410 Exception <a 'sun/nio/fs/WindowsException'{0x00000007095b3ea0}> (0x00000007095b3ea0) 
thrown [s\open\src\hotspot\share\prims\jni.cpp, line 516]
Event: 6.536 Thread 0x000002089a4f6410 Exception <a 'sun/nio/fs/WindowsException'{0x00000007095b41b8}> (0x00000007095b41b8) 
thrown [s\open\src\hotspot\share\prims\jni.cpp, line 516]
Event: 6.536 Thread 0x000002089a4f6410 Exception <a 'sun/nio/fs/WindowsException'{0x00000007095b5bc8}> (0x00000007095b5bc8) 
thrown [s\open\src\hotspot\share\prims\jni.cpp, line 516]
Event: 6.536 Thread 0x000002089a4f6410 Exception <a 'sun/nio/fs/WindowsException'{0x00000007095b5f68}> (0x00000007095b5f68) 
thrown [s\open\src\hotspot\share\prims\jni.cpp, line 516]

VM Operations (20 events):
Event: 6.304 Executing VM operation: HandshakeAllThreads done
Event: 6.315 Executing VM operation: ICBufferFull
Event: 6.315 Executing VM operation: ICBufferFull done
Event: 6.346 Executing VM operation: HandshakeAllThreads
Event: 6.346 Executing VM operation: HandshakeAllThreads done
Event: 6.360 Executing VM operation: HandshakeAllThreads
Event: 6.360 Executing VM operation: HandshakeAllThreads done
Event: 6.371 Executing VM operation: HandshakeAllThreads
Event: 6.372 Executing VM operation: HandshakeAllThreads done
Event: 6.387 Executing VM operation: HandshakeAllThreads
Event: 6.387 Executing VM operation: HandshakeAllThreads done
Event: 6.409 Executing VM operation: HandshakeAllThreads
Event: 6.410 Executing VM operation: HandshakeAllThreads done
Event: 6.411 Executing VM operation: HandshakeAllThreads
Event: 6.411 Executing VM operation: HandshakeAllThreads done
Event: 6.417 Executing VM operation: ICBufferFull
Event: 6.417 Executing VM operation: ICBufferFull done
Event: 6.502 Executing VM operation: HandshakeAllThreads
Event: 6.502 Executing VM operation: HandshakeAllThreads done
Event: 6.545 Executing VM operation: G1CollectForAllocation

Events (20 events):
Event: 5.853 loading class java/util/regex/Pattern$Prolog
Event: 5.853 loading class java/util/regex/Pattern$Prolog done
Event: 5.864 Thread 0x00000208ff02a180 flushing nmethod 0x00000208a9bc1a10
Event: 5.865 Thread 0x00000208ff02a180 flushing nmethod 0x00000208a9c34210
Event: 5.869 Thread 0x00000208ff02a180 flushing nmethod 0x00000208a2221d90
Event: 5.869 Thread 0x00000208ff02a180 flushing nmethod 0x00000208a232d290
Event: 5.930 loading class java/util/regex/Pattern$LazyLoop
Event: 5.930 loading class java/util/regex/Pattern$LazyLoop done
Event: 6.339 loading class java/util/EnumMap$EntrySet
Event: 6.339 loading class java/util/EnumMap$EntrySet done
Event: 6.339 loading class java/util/EnumMap$EntryIterator
Event: 6.340 loading class java/util/EnumMap$EnumMapIterator
Event: 6.340 loading class java/util/EnumMap$EnumMapIterator done
Event: 6.340 loading class java/util/EnumMap$EntryIterator done
Event: 6.340 loading class java/util/EnumMap$EntryIterator$Entry
Event: 6.340 loading class java/util/EnumMap$EntryIterator$Entry done
Event: 6.375 loading class java/util/function/ToIntBiFunction
Event: 6.375 loading class java/util/function/ToIntBiFunction done
Event: 6.383 loading class java/nio/file/Path$1
Event: 6.383 loading class java/nio/file/Path$1 done


Dynamic libraries:
0x00007ff6d3ec0000 - 0x00007ff6d3ed0000 	C:\Program Files\Java\jdk-17\bin\java.exe
0x00007ffe0a9c0000 - 0x00007ffe0ac27000 	C:\WINDOWS\SYSTEM32\ntdll.dll
0x00007ffe09b10000 - 0x00007ffe09bd9000 	C:\WINDOWS\System32\KERNEL32.DLL
0x00007ffe07e00000 - 0x00007ffe081f4000 	C:\WINDOWS\System32\KERNELBASE.dll
0x00007ffe08480000 - 0x00007ffe085cb000 	C:\WINDOWS\System32\ucrtbase.dll
0x00007ffdcaa20000 - 0x00007ffdcaa39000 	C:\Program Files\Java\jdk-17\bin\jli.dll
0x00007ffdcbce0000 - 0x00007ffdcbcfb000 	C:\Program Files\Java\jdk-17\bin\VCRUNTIME140.dll
0x00007ffe08be0000 - 0x00007ffe08c96000 	C:\WINDOWS\System32\ADVAPI32.dll
0x00007ffe0a8c0000 - 0x00007ffe0a969000 	C:\WINDOWS\System32\msvcrt.dll
0x00007ffe08ca0000 - 0x00007ffe08d47000 	C:\WINDOWS\System32\sechost.dll
0x00007ffe0a190000 - 0x00007ffe0a2a8000 	C:\WINDOWS\System32\RPCRT4.dll
0x00007ffe09fb0000 - 0x00007ffe0a175000 	C:\WINDOWS\System32\USER32.dll
0x00007ffdf2100000 - 0x00007ffdf2393000 	C:\WINDOWS\WinSxS\amd64_microsoft.windows.common-controls_6595b64144ccf1df_6.0.26100.8115_none_3e075c82e3354f9c\COMCTL32.dll
0x00007ffe09d40000 - 0x00007ffe09d6b000 	C:\WINDOWS\System32\GDI32.dll
0x00007ffe07340000 - 0x00007ffe07367000 	C:\WINDOWS\System32\win32u.dll
0x00007ffe082c0000 - 0x00007ffe083eb000 	C:\WINDOWS\System32\gdi32full.dll
0x00007ffe07290000 - 0x00007ffe07333000 	C:\WINDOWS\System32\msvcp_win.dll
0x00007ffdf6f80000 - 0x00007ffdf6f8b000 	C:\WINDOWS\SYSTEM32\VERSION.dll
0x00007ffe091f0000 - 0x00007ffe09222000 	C:\WINDOWS\System32\IMM32.DLL
0x00007ffddb4c0000 - 0x00007ffddb4cc000 	C:\Program Files\Java\jdk-17\bin\vcruntime140_1.dll
0x00007ffd6e4a0000 - 0x00007ffd6e52e000 	C:\Program Files\Java\jdk-17\bin\msvcp140.dll
0x00007ffd422a0000 - 0x00007ffd42e80000 	C:\Program Files\Java\jdk-17\bin\server\jvm.dll
0x00007ffe0a970000 - 0x00007ffe0a978000 	C:\WINDOWS\System32\PSAPI.DLL
0x00007ffdf33c0000 - 0x00007ffdf33f6000 	C:\WINDOWS\SYSTEM32\WINMM.dll
0x00007ffe015c0000 - 0x00007ffe015ca000 	C:\WINDOWS\SYSTEM32\WSOCK32.dll
0x00007ffe0a7b0000 - 0x00007ffe0a830000 	C:\WINDOWS\System32\WS2_32.dll
0x00007ffe06020000 - 0x00007ffe0603b000 	C:\WINDOWS\SYSTEM32\kernel.appcore.dll
0x00007ffdcdb40000 - 0x00007ffdcdb4a000 	C:\Program Files\Java\jdk-17\bin\jimage.dll
0x00007ffe04cf0000 - 0x00007ffe04f32000 	C:\WINDOWS\SYSTEM32\DBGHELP.DLL
0x00007ffe08850000 - 0x00007ffe08bd2000 	C:\WINDOWS\System32\combase.dll
0x00007ffe092c0000 - 0x00007ffe09398000 	C:\WINDOWS\System32\OLEAUT32.dll
0x00007ffdec9e0000 - 0x00007ffdeca1b000 	C:\WINDOWS\SYSTEM32\dbgcore.DLL
0x00007ffe074e0000 - 0x00007ffe07585000 	C:\WINDOWS\System32\bcryptPrimitives.dll
0x00007ffdb9f20000 - 0x00007ffdb9f45000 	C:\Program Files\Java\jdk-17\bin\java.dll
0x00007ffd61ae0000 - 0x00007ffd61bb7000 	C:\Program Files\Java\jdk-17\bin\jsvml.dll
0x00007ffe093a0000 - 0x00007ffe09b07000 	C:\WINDOWS\System32\SHELL32.dll
0x00007ffe07370000 - 0x00007ffe074da000 	C:\WINDOWS\System32\wintypes.dll
0x00007ffe07590000 - 0x00007ffe07df8000 	C:\WINDOWS\System32\windows.storage.dll
0x00007ffe0a2b0000 - 0x00007ffe0a3a8000 	C:\WINDOWS\System32\SHCORE.dll
0x00007ffe08750000 - 0x00007ffe087b6000 	C:\WINDOWS\System32\shlwapi.dll
0x00007ffe071b0000 - 0x00007ffe071d9000 	C:\WINDOWS\SYSTEM32\profapi.dll
0x00007ffdc4820000 - 0x00007ffdc4839000 	C:\Program Files\Java\jdk-17\bin\net.dll
0x00007ffe01ae0000 - 0x00007ffe01c0d000 	C:\WINDOWS\SYSTEM32\WINHTTP.dll
0x00007ffe06590000 - 0x00007ffe065fc000 	C:\WINDOWS\system32\mswsock.dll
0x00007ffdbb490000 - 0x00007ffdbb4a6000 	C:\Program Files\Java\jdk-17\bin\nio.dll
0x00007ffd8e860000 - 0x00007ffd8e878000 	C:\Program Files\Java\jdk-17\bin\zip.dll
0x00007ffd7c0f0000 - 0x00007ffd7c114000 	C:\Program Files\apache-maven-3.9.14\lib\jansi-native\Windows\x86_64\jansi.dll
0x00007ffdcd3d0000 - 0x00007ffdcd3e0000 	C:\Program Files\Java\jdk-17\bin\verify.dll

dbghelp: loaded successfully - version: 4.0.5 - missing functions: none
symbol engine: initialized successfully - sym options: 0x614 - pdb path: .;C:\Program Files\Java\jdk-17\bin;C:\WINDOWS\SYSTEM32;C:\WINDOWS\WinSxS\amd64_microsoft.windows.common-controls_6595b64144ccf1df_6.0.26100.8115_none_3e075c82e3354f9c;C:\Program Files\Java\jdk-17\bin\server;C:\Program Files\apache-maven-3.9.14\lib\jansi-native\Windows\x86_64

VM Arguments:
jvm_args: --enable-native-access=ALL-UNNAMED -Dclassworlds.conf=C:\Program Files\apache-maven-3.9.14\bin\m2.conf -Dmaven.home=C:\Program Files\apache-maven-3.9.14 -Dlibrary.jansi.path=C:\Program Files\apache-maven-3.9.14\lib\jansi-native -Dmaven.multiModuleProjectDirectory=D:\CODE-COLLAB\backend\project-service 
java_command: org.codehaus.plexus.classworlds.launcher.Launcher clean compile
java_class_path (initial): C:\Program Files\apache-maven-3.9.14\boot\plexus-classworlds-2.9.0.jar
Launcher Type: SUN_STANDARD

[Global flags]
     intx CICompilerCount                          = 12                                        {product} {ergonomic}
     uint ConcGCThreads                            = 3                                         {product} {ergonomic}
     uint G1ConcRefinementThreads                  = 13                                        {product} {ergonomic}
   size_t G1HeapRegionSize                         = 2097152                                   {product} {ergonomic}
    uintx GCDrainStackTargetSize                   = 64                                        {product} {ergonomic}
   size_t InitialHeapSize                          = 264241152                                 {product} {ergonomic}
   size_t MarkStackSize                            = 4194304                                   {product} {ergonomic}
   size_t MaxHeapSize                              = 4213178368                                {product} {ergonomic}
   size_t MaxNewSize                               = 2527068160                                {product} {ergonomic}
   size_t MinHeapDeltaBytes                        = 2097152                                   {product} {ergonomic}
   size_t MinHeapSize                              = 8388608                                   {product} {ergonomic}
    uintx NonNMethodCodeHeapSize                   = 7602480                                {pd product} {ergonomic}
    uintx NonProfiledCodeHeapSize                  = 122027880                              {pd product} {ergonomic}
    uintx ProfiledCodeHeapSize                     = 122027880                              {pd product} {ergonomic}
    uintx ReservedCodeCacheSize                    = 251658240                              {pd product} {ergonomic}
     bool SegmentedCodeCache                       = true                                      {product} {ergonomic}
   size_t SoftMaxHeapSize                          = 4213178368                             {manageable} {ergonomic}
     bool UseCompressedClassPointers               = true                           {product lp64_product} {ergonomic}
     bool UseCompressedOops                        = true                           {product lp64_product} {ergonomic}
     bool UseG1GC                                  = true                                      {product} {ergonomic}
     bool UseLargePagesIndividualAllocation        = false                                  {pd product} {ergonomic}

Logging:
Log output configuration:
 #0: stdout all=warning uptime,level,tags
 #1: stderr all=off uptime,level,tags

Environment Variables:
JAVA_HOME=C:\Program Files\Java\jdk-17
PATH=C:\Program Files\Java\jdk-17\bin;C:\Program Files\Common Files\Oracle\Java\javapath;C:\Python313\Scripts\;C:\Python313\;C:\WINDOWS\system32;C:\WINDOWS;C:\WINDOWS\System32\Wbem;C:\WINDOWS\System32\WindowsPowerShell\v1.0\;C:\WINDOWS\System32\OpenSSH\;C:\Program Files\nodejs\;C:\MinGW\bin;C:\Program Files\Git\cmd;C:\Program Files\MySQL\MySQL Server 8.0\bin;C:\Program Files\Notepad++;C:\Program Files\Snowflake SnowSQL\;C:\Program Files\Docker\Docker\resources\bin;C:\Program Files\apache-maven-3.9.14\bin;C:\Program Files\Java\jdk-17\bin;C:\Program Files\MySQL\MySQL Shell 8.0\bin\;C:\Users\Asus\AppData\Local\Programs\Python\Launcher\;C:\Users\Asus\AppData\Local\Microsoft\WindowsApps;C:\Program Files\JetBrains\PyCharm 2025.3.3\bin;C:\Users\Asus\AppData\Roaming\npm;C:\MinGW\bin;C:\Users\Asus\AppData\Local\Programs\Microsoft VS Code\bin;C:\Users\Asus\AppData\Local\GitHubDesktop\bin;C:\Program Files (x86)\Nmap;C:\Program Files\apache-maven-3.9.14\bin;C:\Users\Asus\AppData\Local\Programs\Antigravity\bin
USERNAME=Asus
OS=Windows_NT
PROCESSOR_IDENTIFIER=Intel64 Family 6 Model 154 Stepping 3, GenuineIntel



---------------  S Y S T E M  ---------------

OS:
 Windows 11 , 64 bit Build 26100 (10.0.26100.8246)
OS uptime: 0 days 21:51 hours
Hyper-V role detected

CPU: total 16 (initial active 16) (8 cores per cpu, 2 threads per core) family 6 model 154 stepping 3 microcode 0x42c, cx8, cmov, fxsr, ht, mmx, 3dnowpref, sse, sse2, sse3, ssse3, sse4.1, sse4.2, popcnt, lzcnt, tsc, tscinvbit, avx, avx2, aes, erms, clmul, bmi1, bmi2, adx, sha, fma, vzeroupper, clflush, clflushopt, clwb, hv

Memory: 4k page, system-wide physical 16066M (606M free)
TotalPageFile size 38594M (AvailPageFile size 35M)
current process WorkingSet (physical memory assigned to process): 286M, peak: 301M
current process commit charge ("private bytes"): 328M, peak: 425M

vm_info: Java HotSpot(TM) 64-Bit Server VM (17.0.12+8-LTS-286) for windows-amd64 JRE (17.0.12+8-LTS-286), built on Jun  5 2024 06:46:59 by "mach5one" with MS VC++ 17.6 (VS2022)

END.
